Copyright 1986-2022 Xilinx, Inc. All Rights Reserved. Copyright 2022-2025 Advanced Micro Devices, Inc. All Rights Reserved.
---------------------------------------------------------------------------------------------------------------------------------------------
| Tool Version : Vivado v.2025.2 (win64) Build 6299465 Fri Nov 14 19:35:11 GMT 2025
| Date         : Sat Jun 13 23:39:12 2026
| Host         : NB-WYPARK running 64-bit major release  (build 9200)
| Command      : report_timing_summary -file ./synth/reports/post_route_timing_summary.rpt
| Design       : top
| Device       : 7a35t-cpg236
| Speed File   : -1  PRODUCTION 1.23 2018-06-13
| Design State : Routed
---------------------------------------------------------------------------------------------------------------------------------------------

Timing Summary Report

------------------------------------------------------------------------------------------------
| Timer Settings
| --------------
------------------------------------------------------------------------------------------------

  Enable Multi Corner Analysis               :  Yes
  Enable Pessimism Removal                   :  Yes
  Pessimism Removal Resolution               :  Nearest Common Node
  Enable Input Delay Default Clock           :  No
  Enable Preset / Clear Arcs                 :  No
  Disable Flight Delays                      :  No
  Ignore I/O Paths                           :  No
  Timing Early Launch at Borrowing Latches   :  No
  Borrow Time for Max Delay Exceptions       :  Yes
  Merge Timing Exceptions                    :  Yes
  Inter-SLR Compensation                     :  Conservative

  Corner  Analyze    Analyze    
  Name    Max Paths  Min Paths  
  ------  ---------  ---------  
  Slow    Yes        Yes        
  Fast    Yes        Yes        


------------------------------------------------------------------------------------------------
| Report Methodology
| ------------------
------------------------------------------------------------------------------------------------

No report available as report_methodology has not been run prior. Run report_methodology on the current design for the summary of methodology violations.



check_timing report

Table of Contents
-----------------
1. checking no_clock (48)
2. checking constant_clock (0)
3. checking pulse_width_clock (0)
4. checking unconstrained_internal_endpoints (3)
5. checking no_input_delay (5)
6. checking no_output_delay (14)
7. checking multiple_clock (0)
8. checking generated_clocks (0)
9. checking loops (0)
10. checking partial_input_delay (0)
11. checking partial_output_delay (0)
12. checking latch_loops (0)

1. checking no_clock (48)
-------------------------
 There are 3 register/latch pins with no clock driven by root clock pin: INST2/U0/inst_blk_mem_gen/gnbram.gnativebmg.native_blk_mem_gen/valid.cstr/has_mux_a.A/no_softecc_sel_reg.ce_pri.sel_pipe_reg[1]/Q (HIGH)

 There are 3 register/latch pins with no clock driven by root clock pin: INST2/U0/inst_blk_mem_gen/gnbram.gnativebmg.native_blk_mem_gen/valid.cstr/ramloop[0].ram.r/prim_init.ram/DEVICE_7SERIES.NO_BMM_INFO.TRUE_DP.SIMPLE_PRIM36.ram/DOADO[0] (HIGH)

 There are 3 register/latch pins with no clock driven by root clock pin: INST2/U0/inst_blk_mem_gen/gnbram.gnativebmg.native_blk_mem_gen/valid.cstr/ramloop[0].ram.r/prim_init.ram/DEVICE_7SERIES.NO_BMM_INFO.TRUE_DP.SIMPLE_PRIM36.ram/DOADO[1] (HIGH)

 There are 3 register/latch pins with no clock driven by root clock pin: INST2/U0/inst_blk_mem_gen/gnbram.gnativebmg.native_blk_mem_gen/valid.cstr/ramloop[0].ram.r/prim_init.ram/DEVICE_7SERIES.NO_BMM_INFO.TRUE_DP.SIMPLE_PRIM36.ram/DOADO[2] (HIGH)

 There are 3 register/latch pins with no clock driven by root clock pin: INST2/U0/inst_blk_mem_gen/gnbram.gnativebmg.native_blk_mem_gen/valid.cstr/ramloop[0].ram.r/prim_init.ram/DEVICE_7SERIES.NO_BMM_INFO.TRUE_DP.SIMPLE_PRIM36.ram/DOADO[3] (HIGH)

 There are 3 register/latch pins with no clock driven by root clock pin: INST2/U0/inst_blk_mem_gen/gnbram.gnativebmg.native_blk_mem_gen/valid.cstr/ramloop[0].ram.r/prim_init.ram/DEVICE_7SERIES.NO_BMM_INFO.TRUE_DP.SIMPLE_PRIM36.ram/DOADO[4] (HIGH)

 There are 3 register/latch pins with no clock driven by root clock pin: INST2/U0/inst_blk_mem_gen/gnbram.gnativebmg.native_blk_mem_gen/valid.cstr/ramloop[0].ram.r/prim_init.ram/DEVICE_7SERIES.NO_BMM_INFO.TRUE_DP.SIMPLE_PRIM36.ram/DOADO[5] (HIGH)

 There are 3 register/latch pins with no clock driven by root clock pin: INST2/U0/inst_blk_mem_gen/gnbram.gnativebmg.native_blk_mem_gen/valid.cstr/ramloop[0].ram.r/prim_init.ram/DEVICE_7SERIES.NO_BMM_INFO.TRUE_DP.SIMPLE_PRIM36.ram/DOADO[6] (HIGH)

 There are 3 register/latch pins with no clock driven by root clock pin: INST2/U0/inst_blk_mem_gen/gnbram.gnativebmg.native_blk_mem_gen/valid.cstr/ramloop[1].ram.r/prim_init.ram/DEVICE_7SERIES.NO_BMM_INFO.TRUE_DP.SIMPLE_PRIM36.ram/DOADO[0] (HIGH)

 There are 3 register/latch pins with no clock driven by root clock pin: INST2/U0/inst_blk_mem_gen/gnbram.gnativebmg.native_blk_mem_gen/valid.cstr/ramloop[1].ram.r/prim_init.ram/DEVICE_7SERIES.NO_BMM_INFO.TRUE_DP.SIMPLE_PRIM36.ram/DOADO[1] (HIGH)

 There are 3 register/latch pins with no clock driven by root clock pin: INST2/U0/inst_blk_mem_gen/gnbram.gnativebmg.native_blk_mem_gen/valid.cstr/ramloop[1].ram.r/prim_init.ram/DEVICE_7SERIES.NO_BMM_INFO.TRUE_DP.SIMPLE_PRIM36.ram/DOADO[2] (HIGH)

 There are 3 register/latch pins with no clock driven by root clock pin: INST2/U0/inst_blk_mem_gen/gnbram.gnativebmg.native_blk_mem_gen/valid.cstr/ramloop[1].ram.r/prim_init.ram/DEVICE_7SERIES.NO_BMM_INFO.TRUE_DP.SIMPLE_PRIM36.ram/DOADO[3] (HIGH)

 There are 3 register/latch pins with no clock driven by root clock pin: INST2/U0/inst_blk_mem_gen/gnbram.gnativebmg.native_blk_mem_gen/valid.cstr/ramloop[1].ram.r/prim_init.ram/DEVICE_7SERIES.NO_BMM_INFO.TRUE_DP.SIMPLE_PRIM36.ram/DOADO[4] (HIGH)

 There are 3 register/latch pins with no clock driven by root clock pin: INST2/U0/inst_blk_mem_gen/gnbram.gnativebmg.native_blk_mem_gen/valid.cstr/ramloop[1].ram.r/prim_init.ram/DEVICE_7SERIES.NO_BMM_INFO.TRUE_DP.SIMPLE_PRIM36.ram/DOADO[5] (HIGH)

 There are 3 register/latch pins with no clock driven by root clock pin: INST2/U0/inst_blk_mem_gen/gnbram.gnativebmg.native_blk_mem_gen/valid.cstr/ramloop[1].ram.r/prim_init.ram/DEVICE_7SERIES.NO_BMM_INFO.TRUE_DP.SIMPLE_PRIM36.ram/DOADO[6] (HIGH)

 There are 3 register/latch pins with no clock driven by root clock pin: INST3/ID_PostFlush_reg_rep__0/Q (HIGH)


2. checking constant_clock (0)
------------------------------
 There are 0 register/latch pins with constant_clock.


3. checking pulse_width_clock (0)
---------------------------------
 There are 0 register/latch pins which need pulse_width check


4. checking unconstrained_internal_endpoints (3)
------------------------------------------------
 There are 3 pins that are not constrained for maximum delay. (HIGH)

 There are 0 pins that are not constrained for maximum delay due to constant clock.


5. checking no_input_delay (5)
------------------------------
 There are 5 input ports with no input delay specified. (HIGH)

 There are 0 input ports with no input delay but user has a false path constraint.


6. checking no_output_delay (14)
--------------------------------
 There are 14 ports with no output delay specified. (HIGH)

 There are 0 ports with no output delay but user has a false path constraint

 There are 0 ports with no output delay but with a timing clock defined on it or propagating through it


7. checking multiple_clock (0)
------------------------------
 There are 0 register/latch pins with multiple clocks.


8. checking generated_clocks (0)
--------------------------------
 There are 0 generated clocks that are not connected to a clock source.


9. checking loops (0)
---------------------
 There are 0 combinational loops in the design.


10. checking partial_input_delay (0)
------------------------------------
 There are 0 input ports with partial input delay specified.


11. checking partial_output_delay (0)
-------------------------------------
 There are 0 ports with partial output delay specified.


12. checking latch_loops (0)
----------------------------
 There are 0 combinational latch loops in the design through latch input



------------------------------------------------------------------------------------------------
| Design Timing Summary
| ---------------------
------------------------------------------------------------------------------------------------

    WNS(ns)      TNS(ns)  TNS Failing Endpoints  TNS Total Endpoints      WHS(ns)      THS(ns)  THS Failing Endpoints  THS Total Endpoints     WPWS(ns)     TPWS(ns)  TPWS Failing Endpoints  TPWS Total Endpoints  
    -------      -------  ---------------------  -------------------      -------      -------  ---------------------  -------------------     --------     --------  ----------------------  --------------------  
      0.202        0.000                      0                 8586        0.060        0.000                      0                 8586        3.000        0.000                       0                  4449  


All user specified timing constraints are met.


------------------------------------------------------------------------------------------------
| Clock Summary
| -------------
------------------------------------------------------------------------------------------------

Clock                 Waveform(ns)       Period(ns)      Frequency(MHz)
-----                 ------------       ----------      --------------
clk                   {0.000 5.000}      10.000          100.000         
  clk_out1_clk_wiz_0  {0.000 8.772}      17.544          57.000          
  clkfbout_clk_wiz_0  {0.000 25.000}     50.000          20.000          


------------------------------------------------------------------------------------------------
| Intra Clock Table
| -----------------
------------------------------------------------------------------------------------------------

Clock                     WNS(ns)      TNS(ns)  TNS Failing Endpoints  TNS Total Endpoints      WHS(ns)      THS(ns)  THS Failing Endpoints  THS Total Endpoints     WPWS(ns)     TPWS(ns)  TPWS Failing Endpoints  TPWS Total Endpoints  
-----                     -------      -------  ---------------------  -------------------      -------      -------  ---------------------  -------------------     --------     --------  ----------------------  --------------------  
clk                                                                                                                                                                     3.000        0.000                       0                     1  
  clk_out1_clk_wiz_0        0.202        0.000                      0                 8586        0.060        0.000                      0                 8586        8.272        0.000                       0                  4446  
  clkfbout_clk_wiz_0                                                                                                                                                   48.751        0.000                       0                     2  


------------------------------------------------------------------------------------------------
| Inter Clock Table
| -----------------
------------------------------------------------------------------------------------------------

From Clock    To Clock          WNS(ns)      TNS(ns)  TNS Failing Endpoints  TNS Total Endpoints      WHS(ns)      THS(ns)  THS Failing Endpoints  THS Total Endpoints  
----------    --------          -------      -------  ---------------------  -------------------      -------      -------  ---------------------  -------------------  


------------------------------------------------------------------------------------------------
| Other Path Groups Table
| -----------------------
------------------------------------------------------------------------------------------------

Path Group    From Clock    To Clock          WNS(ns)      TNS(ns)  TNS Failing Endpoints  TNS Total Endpoints      WHS(ns)      THS(ns)  THS Failing Endpoints  THS Total Endpoints  
----------    ----------    --------          -------      -------  ---------------------  -------------------      -------      -------  ---------------------  -------------------  


------------------------------------------------------------------------------------------------
| Timing Details
| --------------
------------------------------------------------------------------------------------------------


---------------------------------------------------------------------------------------------------
From Clock:  clk
  To Clock:  clk

Setup :           NA  Failing Endpoints,  Worst Slack           NA  ,  Total Violation           NA
Hold  :           NA  Failing Endpoints,  Worst Slack           NA  ,  Total Violation           NA
PW    :            0  Failing Endpoints,  Worst Slack        3.000ns,  Total Violation        0.000ns
---------------------------------------------------------------------------------------------------


Pulse Width Checks
--------------------------------------------------------------------------------------
Clock Name:         clk
Waveform(ns):       { 0.000 5.000 }
Period(ns):         10.000
Sources:            { clk }

Check Type        Corner  Lib Pin            Reference Pin  Required(ns)  Actual(ns)  Slack(ns)  Location         Pin
Min Period        n/a     MMCME2_ADV/CLKIN1  n/a            1.249         10.000      8.751      MMCME2_ADV_X1Y0  INST1/inst/mmcm_adv_inst/CLKIN1
Max Period        n/a     MMCME2_ADV/CLKIN1  n/a            100.000       10.000      90.000     MMCME2_ADV_X1Y0  INST1/inst/mmcm_adv_inst/CLKIN1
Low Pulse Width   Slow    MMCME2_ADV/CLKIN1  n/a            2.000         5.000       3.000      MMCME2_ADV_X1Y0  INST1/inst/mmcm_adv_inst/CLKIN1
High Pulse Width  Slow    MMCME2_ADV/CLKIN1  n/a            2.000         5.000       3.000      MMCME2_ADV_X1Y0  INST1/inst/mmcm_adv_inst/CLKIN1



---------------------------------------------------------------------------------------------------
From Clock:  clk_out1_clk_wiz_0
  To Clock:  clk_out1_clk_wiz_0

Setup :            0  Failing Endpoints,  Worst Slack        0.202ns,  Total Violation        0.000ns
Hold  :            0  Failing Endpoints,  Worst Slack        0.060ns,  Total Violation        0.000ns
PW    :            0  Failing Endpoints,  Worst Slack        8.272ns,  Total Violation        0.000ns
---------------------------------------------------------------------------------------------------


Max Delay Paths
--------------------------------------------------------------------------------------
Slack (MET) :             0.202ns  (required time - arrival time)
  Source:                 INST2/U0/inst_blk_mem_gen/gnbram.gnativebmg.native_blk_mem_gen/valid.cstr/ramloop[1].ram.r/prim_init.ram/DEVICE_7SERIES.NO_BMM_INFO.TRUE_DP.SIMPLE_PRIM36.ram/CLKBWRCLK
                            (rising edge-triggered cell RAMB36E1 clocked by clk_out1_clk_wiz_0  {rise@0.000ns fall@8.772ns period=17.544ns})
  Destination:            INST3/correct_predictions_reg[16]/CE
                            (rising edge-triggered cell FDRE clocked by clk_out1_clk_wiz_0  {rise@0.000ns fall@8.772ns period=17.544ns})
  Path Group:             clk_out1_clk_wiz_0
  Path Type:              Setup (Max at Slow Process Corner)
  Requirement:            17.544ns  (clk_out1_clk_wiz_0 rise@17.544ns - clk_out1_clk_wiz_0 rise@0.000ns)
  Data Path Delay:        16.744ns  (logic 5.421ns (32.377%)  route 11.323ns (67.623%))
  Logic Levels:           17  (CARRY4=4 LUT2=1 LUT3=2 LUT4=2 LUT5=3 LUT6=4 MUXF7=1)
  Clock Path Skew:        -0.091ns (DCD - SCD + CPR)
    Destination Clock Delay (DCD):    5.746ns = ( 23.290 - 17.544 ) 
    Source Clock Delay      (SCD):    6.150ns
    Clock Pessimism Removal (CPR):    0.312ns
  Clock Uncertainty:      0.136ns  ((TSJ^2 + DJ^2)^1/2) / 2 + PE
    Total System Jitter     (TSJ):    0.071ns
    Discrete Jitter          (DJ):    0.262ns
    Phase Error              (PE):    0.000ns

    Location             Delay type                Incr(ns)  Path(ns)    Netlist Resource(s)
  -------------------------------------------------------------------    -------------------
                         (clock clk_out1_clk_wiz_0 rise edge)
                                                      0.000     0.000 r  
    W5                                                0.000     0.000 r  clk (IN)
                         net (fo=0)                   0.000     0.000    INST1/inst/clk_in1
    W5                   IBUF (Prop_ibuf_I_O)         1.458     1.458 r  INST1/inst/clkin1_ibufg/O
                         net (fo=1, routed)           1.233     2.691    INST1/inst/clk_in1_clk_wiz_0
    MMCME2_ADV_X1Y0      MMCME2_ADV (Prop_mmcme2_adv_CLKIN1_CLKOUT0)
                                                      0.088     2.779 r  INST1/inst/mmcm_adv_inst/CLKOUT0
                         net (fo=2, routed)           1.661     4.441    INST1/inst/clk_out1_clk_wiz_0
    BUFGCTRL_X0Y0        BUFGCTRL (Prop_bufgctrl_I0_O)
                                                      0.096     4.537 r  INST1/inst/clkout1_buf/O
                         net (fo=4436, routed)        1.613     6.150    INST2/U0/inst_blk_mem_gen/gnbram.gnativebmg.native_blk_mem_gen/valid.cstr/ramloop[1].ram.r/prim_init.ram/clka
    RAMB36_X1Y1          RAMB36E1                                     r  INST2/U0/inst_blk_mem_gen/gnbram.gnativebmg.native_blk_mem_gen/valid.cstr/ramloop[1].ram.r/prim_init.ram/DEVICE_7SERIES.NO_BMM_INFO.TRUE_DP.SIMPLE_PRIM36.ram/CLKBWRCLK
  -------------------------------------------------------------------    -------------------
    RAMB36_X1Y1          RAMB36E1 (Prop_ramb36e1_CLKBWRCLK_DOBDO[0])
                                                      2.454     8.604 r  INST2/U0/inst_blk_mem_gen/gnbram.gnativebmg.native_blk_mem_gen/valid.cstr/ramloop[1].ram.r/prim_init.ram/DEVICE_7SERIES.NO_BMM_INFO.TRUE_DP.SIMPLE_PRIM36.ram/DOBDO[0]
                         net (fo=1, routed)           1.393     9.997    INST2/U0/inst_blk_mem_gen/gnbram.gnativebmg.native_blk_mem_gen/valid.cstr/has_mux_b.B/doutb[7][0]
    SLICE_X53Y7          LUT3 (Prop_lut3_I0_O)        0.152    10.149 r  INST2/U0/inst_blk_mem_gen/gnbram.gnativebmg.native_blk_mem_gen/valid.cstr/has_mux_b.B/doutb[0]_INST_0/O
                         net (fo=4, routed)           0.986    11.136    INST3/INST3/doutb[0]
    SLICE_X50Y11         LUT6 (Prop_lut6_I5_O)        0.326    11.462 r  INST3/INST3/reg_file[1][0]_i_3/O
                         net (fo=1, routed)           0.305    11.766    INST3/INST3/INST9/p_0_in[0]
    SLICE_X49Y11         LUT6 (Prop_lut6_I0_O)        0.124    11.890 r  INST3/INST3/reg_file[1][0]_i_2/O
                         net (fo=35, routed)          0.690    12.580    INST3/WB_rd_write_data[0]
    SLICE_X46Y12         LUT5 (Prop_lut5_I0_O)        0.124    12.704 r  INST3/MEM_rs2_data[0]_i_2/O
                         net (fo=4, routed)           0.436    13.140    INST3/EX_rs2_fwd_data[0]
    SLICE_X43Y12         LUT5 (Prop_lut5_I2_O)        0.124    13.264 r  INST3/MEM_ALU_result[14]_i_4/O
                         net (fo=140, routed)         1.312    14.576    INST3/EX_op2[0]
    SLICE_X35Y17         LUT4 (Prop_lut4_I0_O)        0.124    14.700 r  INST3/MEM_ALU_result[0]_i_66/O
                         net (fo=2, routed)           0.724    15.425    INST3/MEM_ALU_result[0]_i_66_n_0
    SLICE_X44Y17         CARRY4 (Prop_carry4_DI[0]_CO[3])
                                                      0.526    15.951 r  INST3/MEM_ALU_result_reg[0]_i_49/CO[3]
                         net (fo=1, routed)           0.000    15.951    INST3/MEM_ALU_result_reg[0]_i_49_n_0
    SLICE_X44Y18         CARRY4 (Prop_carry4_CI_CO[3])
                                                      0.114    16.065 r  INST3/MEM_ALU_result_reg[0]_i_30/CO[3]
                         net (fo=1, routed)           0.000    16.065    INST3/MEM_ALU_result_reg[0]_i_30_n_0
    SLICE_X44Y19         CARRY4 (Prop_carry4_CI_CO[3])
                                                      0.114    16.179 r  INST3/MEM_ALU_result_reg[0]_i_13/CO[3]
                         net (fo=1, routed)           0.000    16.179    INST3/MEM_ALU_result_reg[0]_i_13_n_0
    SLICE_X44Y20         CARRY4 (Prop_carry4_CI_CO[3])
                                                      0.114    16.293 f  INST3/MEM_ALU_result_reg[0]_i_9/CO[3]
                         net (fo=1, routed)           1.000    17.293    INST3/INST6/data9
    SLICE_X47Y17         LUT6 (Prop_lut6_I0_O)        0.124    17.417 f  INST3/i_1_LOPT_REMAP_35/O
                         net (fo=1, routed)           0.680    18.097    INST3/i_1/O_n_35
    SLICE_X49Y14         LUT3 (Prop_lut3_I2_O)        0.124    18.221 f  INST3/i_0_LOPT_REMAP_35/O
                         net (fo=1, routed)           0.000    18.221    INST3/MEM_ALU_result[0]_i_2_n_0
    SLICE_X49Y14         MUXF7 (Prop_muxf7_I0_O)      0.212    18.433 f  INST3/MEM_ALU_result_reg[0]_i_1/O
                         net (fo=2, routed)           0.451    18.883    INST3/EX_ALU_result[0]
    SLICE_X49Y14         LUT4 (Prop_lut4_I1_O)        0.299    19.182 f  INST3/gh[0]_i_4/O
                         net (fo=5, routed)           0.859    20.042    INST3/gh[0]_i_4_n_0
    SLICE_X50Y12         LUT5 (Prop_lut5_I4_O)        0.124    20.166 r  INST3/EX_BHTaddr[7]_i_6/O
                         net (fo=3, routed)           0.630    20.795    INST3/EX_BHTaddr[7]_i_6_n_0
    SLICE_X50Y12         LUT6 (Prop_lut6_I0_O)        0.124    20.919 r  INST3/EX_BHTaddr[7]_i_3/O
                         net (fo=102, routed)         0.983    21.902    INST3/EX_prediction_status[1]
    SLICE_X47Y12         LUT2 (Prop_lut2_I1_O)        0.118    22.020 r  INST3/correct_predictions[0]_i_1/O
                         net (fo=32, routed)          0.873    22.893    INST3/correct_predictions[0]
    SLICE_X38Y12         FDRE                                         r  INST3/correct_predictions_reg[16]/CE
  -------------------------------------------------------------------    -------------------

                         (clock clk_out1_clk_wiz_0 rise edge)
                                                     17.544    17.544 r  
    W5                                                0.000    17.544 r  clk (IN)
                         net (fo=0)                   0.000    17.544    INST1/inst/clk_in1
    W5                   IBUF (Prop_ibuf_I_O)         1.388    18.932 r  INST1/inst/clkin1_ibufg/O
                         net (fo=1, routed)           1.162    20.094    INST1/inst/clk_in1_clk_wiz_0
    MMCME2_ADV_X1Y0      MMCME2_ADV (Prop_mmcme2_adv_CLKIN1_CLKOUT0)
                                                      0.083    20.177 r  INST1/inst/mmcm_adv_inst/CLKOUT0
                         net (fo=2, routed)           1.581    21.758    INST1/inst/clk_out1_clk_wiz_0
    BUFGCTRL_X0Y0        BUFGCTRL (Prop_bufgctrl_I0_O)
                                                      0.091    21.849 r  INST1/inst/clkout1_buf/O
                         net (fo=4436, routed)        1.441    23.290    INST3/clk_out1
    SLICE_X38Y12         FDRE                                         r  INST3/correct_predictions_reg[16]/C
                         clock pessimism              0.312    23.602    
                         clock uncertainty           -0.136    23.466    
    SLICE_X38Y12         FDRE (Setup_fdre_C_CE)      -0.371    23.095    INST3/correct_predictions_reg[16]
  -------------------------------------------------------------------
                         required time                         23.095    
                         arrival time                         -22.893    
  -------------------------------------------------------------------
                         slack                                  0.202    





Min Delay Paths
--------------------------------------------------------------------------------------
Slack (MET) :             0.060ns  (arrival time - required time)
  Source:                 INST5/dia_reg[30]/C
                            (rising edge-triggered cell FDRE clocked by clk_out1_clk_wiz_0  {rise@0.000ns fall@8.772ns period=17.544ns})
  Destination:            INST2/U0/inst_blk_mem_gen/gnbram.gnativebmg.native_blk_mem_gen/valid.cstr/ramloop[6].ram.r/prim_init.ram/DEVICE_7SERIES.NO_BMM_INFO.TRUE_DP.SIMPLE_PRIM36.ram/DIADI[6]
                            (rising edge-triggered cell RAMB36E1 clocked by clk_out1_clk_wiz_0  {rise@0.000ns fall@8.772ns period=17.544ns})
  Path Group:             clk_out1_clk_wiz_0
  Path Type:              Hold (Min at Fast Process Corner)
  Requirement:            0.000ns  (clk_out1_clk_wiz_0 rise@0.000ns - clk_out1_clk_wiz_0 rise@0.000ns)
  Data Path Delay:        0.403ns  (logic 0.141ns (34.975%)  route 0.262ns (65.025%))
  Logic Levels:           0  
  Clock Path Skew:        0.047ns (DCD - SCD - CPR)
    Destination Clock Delay (DCD):    2.370ns
    Source Clock Delay      (SCD):    1.792ns
    Clock Pessimism Removal (CPR):    0.530ns

    Location             Delay type                Incr(ns)  Path(ns)    Netlist Resource(s)
  -------------------------------------------------------------------    -------------------
                         (clock clk_out1_clk_wiz_0 rise edge)
                                                      0.000     0.000 r  
    W5                                                0.000     0.000 r  clk (IN)
                         net (fo=0)                   0.000     0.000    INST1/inst/clk_in1
    W5                   IBUF (Prop_ibuf_I_O)         0.226     0.226 r  INST1/inst/clkin1_ibufg/O
                         net (fo=1, routed)           0.440     0.667    INST1/inst/clk_in1_clk_wiz_0
    MMCME2_ADV_X1Y0      MMCME2_ADV (Prop_mmcme2_adv_CLKIN1_CLKOUT0)
                                                      0.050     0.717 r  INST1/inst/mmcm_adv_inst/CLKOUT0
                         net (fo=2, routed)           0.486     1.203    INST1/inst/clk_out1_clk_wiz_0
    BUFGCTRL_X0Y0        BUFGCTRL (Prop_bufgctrl_I0_O)
                                                      0.026     1.229 r  INST1/inst/clkout1_buf/O
                         net (fo=4436, routed)        0.564     1.792    INST5/clk_out1
    SLICE_X57Y13         FDRE                                         r  INST5/dia_reg[30]/C
  -------------------------------------------------------------------    -------------------
    SLICE_X57Y13         FDRE (Prop_fdre_C_Q)         0.141     1.933 r  INST5/dia_reg[30]/Q
                         net (fo=2, routed)           0.262     2.195    INST2/U0/inst_blk_mem_gen/gnbram.gnativebmg.native_blk_mem_gen/valid.cstr/ramloop[6].ram.r/prim_init.ram/dina[6]
    RAMB36_X2Y4          RAMB36E1                                     r  INST2/U0/inst_blk_mem_gen/gnbram.gnativebmg.native_blk_mem_gen/valid.cstr/ramloop[6].ram.r/prim_init.ram/DEVICE_7SERIES.NO_BMM_INFO.TRUE_DP.SIMPLE_PRIM36.ram/DIADI[6]
  -------------------------------------------------------------------    -------------------

                         (clock clk_out1_clk_wiz_0 rise edge)
                                                      0.000     0.000 r  
    W5                                                0.000     0.000 r  clk (IN)
                         net (fo=0)                   0.000     0.000    INST1/inst/clk_in1
    W5                   IBUF (Prop_ibuf_I_O)         0.414     0.414 r  INST1/inst/clkin1_ibufg/O
                         net (fo=1, routed)           0.480     0.894    INST1/inst/clk_in1_clk_wiz_0
    MMCME2_ADV_X1Y0      MMCME2_ADV (Prop_mmcme2_adv_CLKIN1_CLKOUT0)
                                                      0.053     0.947 r  INST1/inst/mmcm_adv_inst/CLKOUT0
                         net (fo=2, routed)           0.530     1.477    INST1/inst/clk_out1_clk_wiz_0
    BUFGCTRL_X0Y0        BUFGCTRL (Prop_bufgctrl_I0_O)
                                                      0.029     1.506 r  INST1/inst/clkout1_buf/O
                         net (fo=4436, routed)        0.864     2.370    INST2/U0/inst_blk_mem_gen/gnbram.gnativebmg.native_blk_mem_gen/valid.cstr/ramloop[6].ram.r/prim_init.ram/clka
    RAMB36_X2Y4          RAMB36E1                                     r  INST2/U0/inst_blk_mem_gen/gnbram.gnativebmg.native_blk_mem_gen/valid.cstr/ramloop[6].ram.r/prim_init.ram/DEVICE_7SERIES.NO_BMM_INFO.TRUE_DP.SIMPLE_PRIM36.ram/CLKARDCLK
                         clock pessimism             -0.530     1.840    
    RAMB36_X2Y4          RAMB36E1 (Hold_ramb36e1_CLKARDCLK_DIADI[6])
                                                      0.296     2.136    INST2/U0/inst_blk_mem_gen/gnbram.gnativebmg.native_blk_mem_gen/valid.cstr/ramloop[6].ram.r/prim_init.ram/DEVICE_7SERIES.NO_BMM_INFO.TRUE_DP.SIMPLE_PRIM36.ram
  -------------------------------------------------------------------
                         required time                         -2.136    
                         arrival time                           2.195    
  -------------------------------------------------------------------
                         slack                                  0.060    





Pulse Width Checks
--------------------------------------------------------------------------------------
Clock Name:         clk_out1_clk_wiz_0
Waveform(ns):       { 0.000 8.772 }
Period(ns):         17.544
Sources:            { INST1/inst/mmcm_adv_inst/CLKOUT0 }

Check Type        Corner  Lib Pin             Reference Pin  Required(ns)  Actual(ns)  Slack(ns)  Location         Pin
Min Period        n/a     RAMB36E1/CLKARDCLK  n/a            2.576         17.544      14.968     RAMB36_X2Y1      INST2/U0/inst_blk_mem_gen/gnbram.gnativebmg.native_blk_mem_gen/valid.cstr/ramloop[0].ram.r/prim_init.ram/DEVICE_7SERIES.NO_BMM_INFO.TRUE_DP.SIMPLE_PRIM36.ram/CLKARDCLK
Max Period        n/a     MMCME2_ADV/CLKOUT0  n/a            213.360       17.544      195.816    MMCME2_ADV_X1Y0  INST1/inst/mmcm_adv_inst/CLKOUT0
Low Pulse Width   Slow    FDCE/C              n/a            0.500         8.772       8.272      SLICE_X35Y8      INST1/inst/seq_reg1_reg[0]/C
High Pulse Width  Slow    FDCE/C              n/a            0.500         8.772       8.272      SLICE_X35Y8      INST1/inst/seq_reg1_reg[0]/C



---------------------------------------------------------------------------------------------------
From Clock:  clkfbout_clk_wiz_0
  To Clock:  clkfbout_clk_wiz_0

Setup :           NA  Failing Endpoints,  Worst Slack           NA  ,  Total Violation           NA
Hold  :           NA  Failing Endpoints,  Worst Slack           NA  ,  Total Violation           NA
PW    :            0  Failing Endpoints,  Worst Slack       48.751ns,  Total Violation        0.000ns
---------------------------------------------------------------------------------------------------


Pulse Width Checks
--------------------------------------------------------------------------------------
Clock Name:         clkfbout_clk_wiz_0
Waveform(ns):       { 0.000 25.000 }
Period(ns):         50.000
Sources:            { INST1/inst/mmcm_adv_inst/CLKFBOUT }

Check Type  Corner  Lib Pin              Reference Pin  Required(ns)  Actual(ns)  Slack(ns)  Location         Pin
Min Period  n/a     MMCME2_ADV/CLKFBOUT  n/a            1.249         50.000      48.751     MMCME2_ADV_X1Y0  INST1/inst/mmcm_adv_inst/CLKFBOUT
Max Period  n/a     MMCME2_ADV/CLKFBIN   n/a            100.000       50.000      50.000     MMCME2_ADV_X1Y0  INST1/inst/mmcm_adv_inst/CLKFBIN



