Copyright 1986-2022 Xilinx, Inc. All Rights Reserved. Copyright 2022-2025 Advanced Micro Devices, Inc. All Rights Reserved.
---------------------------------------------------------------------------------------------------------------------------------------------
| Tool Version : Vivado v.2025.2 (win64) Build 6299465 Fri Nov 14 19:35:11 GMT 2025
| Date         : Mon Jun 15 17:29:15 2026
| Host         : NB-WYPARK running 64-bit major release  (build 9200)
| Command      : report_timing_summary -file ./synth/reports/post_route_timing_summary.rpt
| Design       : top
| Device       : 7a35t-cpg236
| Speed File   : -1  PRODUCTION 1.23 2018-06-13
| Design State : Routed
---------------------------------------------------------------------------------------------------------------------------------------------

Timing Summary Report

------------------------------------------------------------------------------------------------
| Timer Settings
| --------------
------------------------------------------------------------------------------------------------

  Enable Multi Corner Analysis               :  Yes
  Enable Pessimism Removal                   :  Yes
  Pessimism Removal Resolution               :  Nearest Common Node
  Enable Input Delay Default Clock           :  No
  Enable Preset / Clear Arcs                 :  No
  Disable Flight Delays                      :  No
  Ignore I/O Paths                           :  No
  Timing Early Launch at Borrowing Latches   :  No
  Borrow Time for Max Delay Exceptions       :  Yes
  Merge Timing Exceptions                    :  Yes
  Inter-SLR Compensation                     :  Conservative

  Corner  Analyze    Analyze    
  Name    Max Paths  Min Paths  
  ------  ---------  ---------  
  Slow    Yes        Yes        
  Fast    Yes        Yes        


------------------------------------------------------------------------------------------------
| Report Methodology
| ------------------
------------------------------------------------------------------------------------------------

No report available as report_methodology has not been run prior. Run report_methodology on the current design for the summary of methodology violations.



check_timing report

Table of Contents
-----------------
1. checking no_clock (0)
2. checking constant_clock (0)
3. checking pulse_width_clock (0)
4. checking unconstrained_internal_endpoints (0)
5. checking no_input_delay (5)
6. checking no_output_delay (14)
7. checking multiple_clock (0)
8. checking generated_clocks (0)
9. checking loops (0)
10. checking partial_input_delay (0)
11. checking partial_output_delay (0)
12. checking latch_loops (0)

1. checking no_clock (0)
------------------------
 There are 0 register/latch pins with no clock.


2. checking constant_clock (0)
------------------------------
 There are 0 register/latch pins with constant_clock.


3. checking pulse_width_clock (0)
---------------------------------
 There are 0 register/latch pins which need pulse_width check


4. checking unconstrained_internal_endpoints (0)
------------------------------------------------
 There are 0 pins that are not constrained for maximum delay.

 There are 0 pins that are not constrained for maximum delay due to constant clock.


5. checking no_input_delay (5)
------------------------------
 There are 5 input ports with no input delay specified. (HIGH)

 There are 0 input ports with no input delay but user has a false path constraint.


6. checking no_output_delay (14)
--------------------------------
 There are 14 ports with no output delay specified. (HIGH)

 There are 0 ports with no output delay but user has a false path constraint

 There are 0 ports with no output delay but with a timing clock defined on it or propagating through it


7. checking multiple_clock (0)
------------------------------
 There are 0 register/latch pins with multiple clocks.


8. checking generated_clocks (0)
--------------------------------
 There are 0 generated clocks that are not connected to a clock source.


9. checking loops (0)
---------------------
 There are 0 combinational loops in the design.


10. checking partial_input_delay (0)
------------------------------------
 There are 0 input ports with partial input delay specified.


11. checking partial_output_delay (0)
-------------------------------------
 There are 0 ports with partial output delay specified.


12. checking latch_loops (0)
----------------------------
 There are 0 combinational latch loops in the design through latch input



------------------------------------------------------------------------------------------------
| Design Timing Summary
| ---------------------
------------------------------------------------------------------------------------------------

    WNS(ns)      TNS(ns)  TNS Failing Endpoints  TNS Total Endpoints      WHS(ns)      THS(ns)  THS Failing Endpoints  THS Total Endpoints     WPWS(ns)     TPWS(ns)  TPWS Failing Endpoints  TPWS Total Endpoints  
    -------      -------  ---------------------  -------------------      -------      -------  ---------------------  -------------------     --------     --------  ----------------------  --------------------  
      0.554        0.000                      0                 8644        0.040        0.000                      0                 8644        3.000        0.000                       0                  4475  


All user specified timing constraints are met.


------------------------------------------------------------------------------------------------
| Clock Summary
| -------------
------------------------------------------------------------------------------------------------

Clock                 Waveform(ns)       Period(ns)      Frequency(MHz)
-----                 ------------       ----------      --------------
clk                   {0.000 5.000}      10.000          100.000         
  clk_out1_clk_wiz_0  {0.000 9.091}      18.182          55.000          
  clkfbout_clk_wiz_0  {0.000 20.000}     40.000          25.000          


------------------------------------------------------------------------------------------------
| Intra Clock Table
| -----------------
------------------------------------------------------------------------------------------------

Clock                     WNS(ns)      TNS(ns)  TNS Failing Endpoints  TNS Total Endpoints      WHS(ns)      THS(ns)  THS Failing Endpoints  THS Total Endpoints     WPWS(ns)     TPWS(ns)  TPWS Failing Endpoints  TPWS Total Endpoints  
-----                     -------      -------  ---------------------  -------------------      -------      -------  ---------------------  -------------------     --------     --------  ----------------------  --------------------  
clk                                                                                                                                                                     3.000        0.000                       0                     1  
  clk_out1_clk_wiz_0        0.554        0.000                      0                 8644        0.040        0.000                      0                 8644        8.591        0.000                       0                  4472  
  clkfbout_clk_wiz_0                                                                                                                                                   38.751        0.000                       0                     2  


------------------------------------------------------------------------------------------------
| Inter Clock Table
| -----------------
------------------------------------------------------------------------------------------------

From Clock    To Clock          WNS(ns)      TNS(ns)  TNS Failing Endpoints  TNS Total Endpoints      WHS(ns)      THS(ns)  THS Failing Endpoints  THS Total Endpoints  
----------    --------          -------      -------  ---------------------  -------------------      -------      -------  ---------------------  -------------------  


------------------------------------------------------------------------------------------------
| Other Path Groups Table
| -----------------------
------------------------------------------------------------------------------------------------

Path Group    From Clock    To Clock          WNS(ns)      TNS(ns)  TNS Failing Endpoints  TNS Total Endpoints      WHS(ns)      THS(ns)  THS Failing Endpoints  THS Total Endpoints  
----------    ----------    --------          -------      -------  ---------------------  -------------------      -------      -------  ---------------------  -------------------  


------------------------------------------------------------------------------------------------
| Timing Details
| --------------
------------------------------------------------------------------------------------------------


---------------------------------------------------------------------------------------------------
From Clock:  clk
  To Clock:  clk

Setup :           NA  Failing Endpoints,  Worst Slack           NA  ,  Total Violation           NA
Hold  :           NA  Failing Endpoints,  Worst Slack           NA  ,  Total Violation           NA
PW    :            0  Failing Endpoints,  Worst Slack        3.000ns,  Total Violation        0.000ns
---------------------------------------------------------------------------------------------------


Pulse Width Checks
--------------------------------------------------------------------------------------
Clock Name:         clk
Waveform(ns):       { 0.000 5.000 }
Period(ns):         10.000
Sources:            { clk }

Check Type        Corner  Lib Pin            Reference Pin  Required(ns)  Actual(ns)  Slack(ns)  Location         Pin
Min Period        n/a     MMCME2_ADV/CLKIN1  n/a            1.249         10.000      8.751      MMCME2_ADV_X1Y0  INST1/inst/mmcm_adv_inst/CLKIN1
Max Period        n/a     MMCME2_ADV/CLKIN1  n/a            100.000       10.000      90.000     MMCME2_ADV_X1Y0  INST1/inst/mmcm_adv_inst/CLKIN1
Low Pulse Width   Slow    MMCME2_ADV/CLKIN1  n/a            2.000         5.000       3.000      MMCME2_ADV_X1Y0  INST1/inst/mmcm_adv_inst/CLKIN1
High Pulse Width  Slow    MMCME2_ADV/CLKIN1  n/a            2.000         5.000       3.000      MMCME2_ADV_X1Y0  INST1/inst/mmcm_adv_inst/CLKIN1



---------------------------------------------------------------------------------------------------
From Clock:  clk_out1_clk_wiz_0
  To Clock:  clk_out1_clk_wiz_0

Setup :            0  Failing Endpoints,  Worst Slack        0.554ns,  Total Violation        0.000ns
Hold  :            0  Failing Endpoints,  Worst Slack        0.040ns,  Total Violation        0.000ns
PW    :            0  Failing Endpoints,  Worst Slack        8.591ns,  Total Violation        0.000ns
---------------------------------------------------------------------------------------------------


Max Delay Paths
--------------------------------------------------------------------------------------
Slack (MET) :             0.554ns  (required time - arrival time)
  Source:                 INST2/U0/inst_blk_mem_gen/gnbram.gnativebmg.native_blk_mem_gen/valid.cstr/ramloop[3].ram.r/prim_init.ram/DEVICE_7SERIES.NO_BMM_INFO.TRUE_DP.SIMPLE_PRIM36.ram/CLKBWRCLK
                            (rising edge-triggered cell RAMB36E1 clocked by clk_out1_clk_wiz_0  {rise@0.000ns fall@9.091ns period=18.182ns})
  Destination:            INST3/EX_imm_reg[20]/R
                            (rising edge-triggered cell FDRE clocked by clk_out1_clk_wiz_0  {rise@0.000ns fall@9.091ns period=18.182ns})
  Path Group:             clk_out1_clk_wiz_0
  Path Type:              Setup (Max at Slow Process Corner)
  Requirement:            18.182ns  (clk_out1_clk_wiz_0 rise@18.182ns - clk_out1_clk_wiz_0 rise@0.000ns)
  Data Path Delay:        16.889ns  (logic 4.949ns (29.303%)  route 11.940ns (70.697%))
  Logic Levels:           18  (LUT3=1 LUT4=2 LUT5=3 LUT6=11 MUXF7=1)
  Clock Path Skew:        -0.090ns (DCD - SCD + CPR)
    Destination Clock Delay (DCD):    5.740ns = ( 23.922 - 18.182 ) 
    Source Clock Delay      (SCD):    6.143ns
    Clock Pessimism Removal (CPR):    0.312ns
  Clock Uncertainty:      0.124ns  ((TSJ^2 + DJ^2)^1/2) / 2 + PE
    Total System Jitter     (TSJ):    0.071ns
    Discrete Jitter          (DJ):    0.239ns
    Phase Error              (PE):    0.000ns

    Location             Delay type                Incr(ns)  Path(ns)    Netlist Resource(s)
  -------------------------------------------------------------------    -------------------
                         (clock clk_out1_clk_wiz_0 rise edge)
                                                      0.000     0.000 r  
    W5                                                0.000     0.000 r  clk (IN)
                         net (fo=0)                   0.000     0.000    INST1/inst/clk_in1
    W5                   IBUF (Prop_ibuf_I_O)         1.458     1.458 r  INST1/inst/clkin1_ibufg/O
                         net (fo=1, routed)           1.233     2.691    INST1/inst/clk_in1_clk_wiz_0
    MMCME2_ADV_X1Y0      MMCME2_ADV (Prop_mmcme2_adv_CLKIN1_CLKOUT0)
                                                      0.088     2.779 r  INST1/inst/mmcm_adv_inst/CLKOUT0
                         net (fo=2, routed)           1.661     4.441    INST1/inst/clk_out1_clk_wiz_0
    BUFGCTRL_X0Y0        BUFGCTRL (Prop_bufgctrl_I0_O)
                                                      0.096     4.537 r  INST1/inst/clkout1_buf/O
                         net (fo=4462, routed)        1.606     6.143    INST2/U0/inst_blk_mem_gen/gnbram.gnativebmg.native_blk_mem_gen/valid.cstr/ramloop[3].ram.r/prim_init.ram/clka
    RAMB36_X2Y3          RAMB36E1                                     r  INST2/U0/inst_blk_mem_gen/gnbram.gnativebmg.native_blk_mem_gen/valid.cstr/ramloop[3].ram.r/prim_init.ram/DEVICE_7SERIES.NO_BMM_INFO.TRUE_DP.SIMPLE_PRIM36.ram/CLKBWRCLK
  -------------------------------------------------------------------    -------------------
    RAMB36_X2Y3          RAMB36E1 (Prop_ramb36e1_CLKBWRCLK_DOBDO[7])
                                                      2.454     8.597 r  INST2/U0/inst_blk_mem_gen/gnbram.gnativebmg.native_blk_mem_gen/valid.cstr/ramloop[3].ram.r/prim_init.ram/DEVICE_7SERIES.NO_BMM_INFO.TRUE_DP.SIMPLE_PRIM36.ram/DOBDO[7]
                         net (fo=1, routed)           0.998     9.595    INST2/U0/inst_blk_mem_gen/gnbram.gnativebmg.native_blk_mem_gen/valid.cstr/has_mux_b.B/doutb[15][7]
    SLICE_X54Y13         LUT3 (Prop_lut3_I0_O)        0.124     9.719 r  INST2/U0/inst_blk_mem_gen/gnbram.gnativebmg.native_blk_mem_gen/valid.cstr/has_mux_b.B/doutb[15]_INST_0/O
                         net (fo=10, routed)          0.987    10.705    INST3/INST3/doutb[15]
    SLICE_X51Y12         LUT6 (Prop_lut6_I1_O)        0.124    10.829 r  INST3/INST3/reg_file[1][7]_i_4/O
                         net (fo=33, routed)          0.692    11.521    INST3/INST3/INST9/p_0_in[7]
    SLICE_X50Y14         LUT6 (Prop_lut6_I3_O)        0.124    11.645 r  INST3/INST3/reg_file[1][23]_i_3/O
                         net (fo=1, routed)           0.452    12.097    INST3/INST3/reg_file[1][23]_i_3_n_0
    SLICE_X50Y14         LUT6 (Prop_lut6_I0_O)        0.124    12.221 r  INST3/INST3/reg_file[1][23]_i_2/O
                         net (fo=38, routed)          0.856    13.077    INST3/WB_rd_write_data[23]
    SLICE_X46Y14         LUT6 (Prop_lut6_I0_O)        0.124    13.201 r  INST3/MEM_ALU_result[23]_i_7/O
                         net (fo=19, routed)          1.001    14.202    INST3/EX_op1[23]
    SLICE_X46Y11         LUT6 (Prop_lut6_I3_O)        0.124    14.326 r  INST3/MEM_ALU_result[7]_i_15/O
                         net (fo=7, routed)           0.575    14.900    INST3/MEM_ALU_result[7]_i_15_n_0
    SLICE_X49Y12         LUT6 (Prop_lut6_I0_O)        0.124    15.024 r  INST3/MEM_ALU_result[3]_i_25/O
                         net (fo=2, routed)           0.588    15.612    INST3/MEM_ALU_result[3]_i_25_n_0
    SLICE_X49Y16         LUT4 (Prop_lut4_I0_O)        0.124    15.736 f  INST3/MEM_ALU_result[2]_i_11/O
                         net (fo=1, routed)           0.575    16.311    INST3/MEM_ALU_result[2]_i_11_n_0
    SLICE_X49Y16         LUT6 (Prop_lut6_I0_O)        0.124    16.435 f  INST3/MEM_ALU_result[2]_i_7/O
                         net (fo=1, routed)           0.315    16.750    INST3/MEM_ALU_result[2]_i_7_n_0
    SLICE_X50Y16         LUT5 (Prop_lut5_I0_O)        0.124    16.874 f  INST3/MEM_ALU_result[2]_i_3/O
                         net (fo=1, routed)           0.000    16.874    INST3/MEM_ALU_result[2]_i_3_n_0
    SLICE_X50Y16         MUXF7 (Prop_muxf7_I1_O)      0.214    17.088 f  INST3/MEM_ALU_result_reg[2]_i_1/O
                         net (fo=5, routed)           0.494    17.582    INST3/EX_ALU_result[2]
    SLICE_X49Y15         LUT5 (Prop_lut5_I3_O)        0.297    17.879 r  INST3/i_9_LOPT_REMAP_2/O
                         net (fo=2, routed)           0.480    18.359    INST3/i_9/O_n_2
    SLICE_X52Y14         LUT6 (Prop_lut6_I3_O)        0.124    18.483 r  INST3/i_8_LOPT_REMAP_2/O
                         net (fo=2, routed)           0.512    18.995    INST3/i_8/O_n_2
    SLICE_X53Y14         LUT6 (Prop_lut6_I2_O)        0.124    19.119 r  INST3/i_6_LOPT_REMAP_3/O
                         net (fo=2, routed)           0.307    19.426    INST3/i_6/O_n_3
    SLICE_X53Y15         LUT4 (Prop_lut4_I1_O)        0.124    19.550 r  INST3/i_7_LOPT_REMAP_3/O
                         net (fo=1, routed)           0.715    20.265    INST3/i_7/O_n_3
    SLICE_X54Y19         LUT5 (Prop_lut5_I4_O)        0.124    20.389 r  INST3/i_6_LOPT_REMAP_4/O
                         net (fo=1, routed)           0.495    20.884    INST3/i_6/O_n_4
    SLICE_X55Y19         LUT6 (Prop_lut6_I4_O)        0.124    21.008 f  INST3/i_0_LOPT_REMAP_36/O
                         net (fo=104, routed)         0.520    21.528    INST3/EX_prediction_status[1]
    SLICE_X57Y19         LUT6 (Prop_lut6_I2_O)        0.124    21.652 r  INST3/EX_BHTaddr[7]_i_1/O
                         net (fo=184, routed)         1.380    23.032    INST3/EX_BHTaddr[7]_i_1_n_0
    SLICE_X42Y21         FDRE                                         r  INST3/EX_imm_reg[20]/R
  -------------------------------------------------------------------    -------------------

                         (clock clk_out1_clk_wiz_0 rise edge)
                                                     18.182    18.182 r  
    W5                                                0.000    18.182 r  clk (IN)
                         net (fo=0)                   0.000    18.182    INST1/inst/clk_in1
    W5                   IBUF (Prop_ibuf_I_O)         1.388    19.570 r  INST1/inst/clkin1_ibufg/O
                         net (fo=1, routed)           1.162    20.732    INST1/inst/clk_in1_clk_wiz_0
    MMCME2_ADV_X1Y0      MMCME2_ADV (Prop_mmcme2_adv_CLKIN1_CLKOUT0)
                                                      0.083    20.815 r  INST1/inst/mmcm_adv_inst/CLKOUT0
                         net (fo=2, routed)           1.581    22.396    INST1/inst/clk_out1_clk_wiz_0
    BUFGCTRL_X0Y0        BUFGCTRL (Prop_bufgctrl_I0_O)
                                                      0.091    22.487 r  INST1/inst/clkout1_buf/O
                         net (fo=4462, routed)        1.435    23.922    INST3/clk_out1
    SLICE_X42Y21         FDRE                                         r  INST3/EX_imm_reg[20]/C
                         clock pessimism              0.312    24.234    
                         clock uncertainty           -0.124    24.110    
    SLICE_X42Y21         FDRE (Setup_fdre_C_R)       -0.524    23.586    INST3/EX_imm_reg[20]
  -------------------------------------------------------------------
                         required time                         23.586    
                         arrival time                         -23.032    
  -------------------------------------------------------------------
                         slack                                  0.554    





Min Delay Paths
--------------------------------------------------------------------------------------
Slack (MET) :             0.040ns  (arrival time - required time)
  Source:                 INST3/MEM_pc_4_reg[18]/C
                            (rising edge-triggered cell FDRE clocked by clk_out1_clk_wiz_0  {rise@0.000ns fall@9.091ns period=18.182ns})
  Destination:            INST3/WB_pc_4_reg[18]/D
                            (rising edge-triggered cell FDRE clocked by clk_out1_clk_wiz_0  {rise@0.000ns fall@9.091ns period=18.182ns})
  Path Group:             clk_out1_clk_wiz_0
  Path Type:              Hold (Min at Fast Process Corner)
  Requirement:            0.000ns  (clk_out1_clk_wiz_0 rise@0.000ns - clk_out1_clk_wiz_0 rise@0.000ns)
  Data Path Delay:        0.364ns  (logic 0.141ns (38.743%)  route 0.223ns (61.257%))
  Logic Levels:           0  
  Clock Path Skew:        0.261ns (DCD - SCD - CPR)
    Destination Clock Delay (DCD):    2.324ns
    Source Clock Delay      (SCD):    1.781ns
    Clock Pessimism Removal (CPR):    0.282ns

    Location             Delay type                Incr(ns)  Path(ns)    Netlist Resource(s)
  -------------------------------------------------------------------    -------------------
                         (clock clk_out1_clk_wiz_0 rise edge)
                                                      0.000     0.000 r  
    W5                                                0.000     0.000 r  clk (IN)
                         net (fo=0)                   0.000     0.000    INST1/inst/clk_in1
    W5                   IBUF (Prop_ibuf_I_O)         0.226     0.226 r  INST1/inst/clkin1_ibufg/O
                         net (fo=1, routed)           0.440     0.667    INST1/inst/clk_in1_clk_wiz_0
    MMCME2_ADV_X1Y0      MMCME2_ADV (Prop_mmcme2_adv_CLKIN1_CLKOUT0)
                                                      0.050     0.717 r  INST1/inst/mmcm_adv_inst/CLKOUT0
                         net (fo=2, routed)           0.486     1.203    INST1/inst/clk_out1_clk_wiz_0
    BUFGCTRL_X0Y0        BUFGCTRL (Prop_bufgctrl_I0_O)
                                                      0.026     1.229 r  INST1/inst/clkout1_buf/O
                         net (fo=4462, routed)        0.553     1.781    INST3/clk_out1
    SLICE_X36Y21         FDRE                                         r  INST3/MEM_pc_4_reg[18]/C
  -------------------------------------------------------------------    -------------------
    SLICE_X36Y21         FDRE (Prop_fdre_C_Q)         0.141     1.922 r  INST3/MEM_pc_4_reg[18]/Q
                         net (fo=2, routed)           0.223     2.145    INST3/MEM_pc_4[18]
    SLICE_X34Y21         FDRE                                         r  INST3/WB_pc_4_reg[18]/D
  -------------------------------------------------------------------    -------------------

                         (clock clk_out1_clk_wiz_0 rise edge)
                                                      0.000     0.000 r  
    W5                                                0.000     0.000 r  clk (IN)
                         net (fo=0)                   0.000     0.000    INST1/inst/clk_in1
    W5                   IBUF (Prop_ibuf_I_O)         0.414     0.414 r  INST1/inst/clkin1_ibufg/O
                         net (fo=1, routed)           0.480     0.894    INST1/inst/clk_in1_clk_wiz_0
    MMCME2_ADV_X1Y0      MMCME2_ADV (Prop_mmcme2_adv_CLKIN1_CLKOUT0)
                                                      0.053     0.947 r  INST1/inst/mmcm_adv_inst/CLKOUT0
                         net (fo=2, routed)           0.530     1.477    INST1/inst/clk_out1_clk_wiz_0
    BUFGCTRL_X0Y0        BUFGCTRL (Prop_bufgctrl_I0_O)
                                                      0.029     1.506 r  INST1/inst/clkout1_buf/O
                         net (fo=4462, routed)        0.819     2.324    INST3/clk_out1
    SLICE_X34Y21         FDRE                                         r  INST3/WB_pc_4_reg[18]/C
                         clock pessimism             -0.282     2.042    
    SLICE_X34Y21         FDRE (Hold_fdre_C_D)         0.063     2.105    INST3/WB_pc_4_reg[18]
  -------------------------------------------------------------------
                         required time                         -2.105    
                         arrival time                           2.145    
  -------------------------------------------------------------------
                         slack                                  0.040    





Pulse Width Checks
--------------------------------------------------------------------------------------
Clock Name:         clk_out1_clk_wiz_0
Waveform(ns):       { 0.000 9.091 }
Period(ns):         18.182
Sources:            { INST1/inst/mmcm_adv_inst/CLKOUT0 }

Check Type        Corner  Lib Pin             Reference Pin  Required(ns)  Actual(ns)  Slack(ns)  Location         Pin
Min Period        n/a     RAMB36E1/CLKARDCLK  n/a            2.944         18.182      15.238     RAMB36_X1Y1      INST2/U0/inst_blk_mem_gen/gnbram.gnativebmg.native_blk_mem_gen/valid.cstr/ramloop[0].ram.r/prim_init.ram/DEVICE_7SERIES.NO_BMM_INFO.TRUE_DP.SIMPLE_PRIM36.ram/CLKARDCLK
Max Period        n/a     MMCME2_ADV/CLKOUT0  n/a            213.360       18.182      195.178    MMCME2_ADV_X1Y0  INST1/inst/mmcm_adv_inst/CLKOUT0
Low Pulse Width   Slow    FDCE/C              n/a            0.500         9.091       8.591      SLICE_X35Y10     INST1/inst/seq_reg1_reg[0]/C
High Pulse Width  Slow    FDCE/C              n/a            0.500         9.091       8.591      SLICE_X35Y10     INST1/inst/seq_reg1_reg[0]/C



---------------------------------------------------------------------------------------------------
From Clock:  clkfbout_clk_wiz_0
  To Clock:  clkfbout_clk_wiz_0

Setup :           NA  Failing Endpoints,  Worst Slack           NA  ,  Total Violation           NA
Hold  :           NA  Failing Endpoints,  Worst Slack           NA  ,  Total Violation           NA
PW    :            0  Failing Endpoints,  Worst Slack       38.751ns,  Total Violation        0.000ns
---------------------------------------------------------------------------------------------------


Pulse Width Checks
--------------------------------------------------------------------------------------
Clock Name:         clkfbout_clk_wiz_0
Waveform(ns):       { 0.000 20.000 }
Period(ns):         40.000
Sources:            { INST1/inst/mmcm_adv_inst/CLKFBOUT }

Check Type  Corner  Lib Pin              Reference Pin  Required(ns)  Actual(ns)  Slack(ns)  Location         Pin
Min Period  n/a     MMCME2_ADV/CLKFBOUT  n/a            1.249         40.000      38.751     MMCME2_ADV_X1Y0  INST1/inst/mmcm_adv_inst/CLKFBOUT
Max Period  n/a     MMCME2_ADV/CLKFBIN   n/a            100.000       40.000      60.000     MMCME2_ADV_X1Y0  INST1/inst/mmcm_adv_inst/CLKFBIN



